~$ sudo journalctl -u open5gs-amfd -n 100 -f
out 03 09:22:46 dhmm-Inspiron-5567 open5gs-amfd[15648]: 10/03 09:22:46.839: [gmm] INFO:     LOCAL [2025-10-03T09:22:46] Timezone[-10800]/DST[0] (../src/amf/gmm-build.c:556)
out 03 09:22:46 dhmm-Inspiron-5567 open5gs-amfd[15648]: 10/03 09:22:46.840: [amf] INFO: [Added] Number of AMF-Sessions is now 3 (../src/amf/context.c:2810)
out 03 09:22:46 dhmm-Inspiron-5567 open5gs-amfd[15648]: 10/03 09:22:46.840: [gmm] INFO: UE SUPI[imsi-999700000000003] DNN[ims] S_NSSAI[SST:3 SD:0x3] smContextRef[NULL] smContextResourceURI[NULL] (../src/amf/gmm-handler.c:1383)
out 03 09:22:46 dhmm-Inspiron-5567 open5gs-amfd[15648]: 10/03 09:22:46.840: [amf] INFO: [983735f6-a053-41f0-b9b3-f93848208066] Setup NF Instance [type:SMF] (../src/amf/context.c:2433)
out 03 09:22:46 dhmm-Inspiron-5567 open5gs-amfd[15648]: 10/03 09:22:46.840: [gmm] INFO: SMF Instance [983735f6-a053-41f0-b9b3-f93848208066] (../src/amf/gmm-handler.c:1424)
out 03 09:22:46 dhmm-Inspiron-5567 open5gs-amfd[15648]: 10/03 09:22:46.853: [amf] INFO: Setup NF EndPoint(addr) [127.0.0.4:7777] (../src/amf/nsmf-handler.c:144)
out 03 09:22:46 dhmm-Inspiron-5567 open5gs-amfd[15648]: 10/03 09:22:46.888: [amf] INFO: [imsi-999700000000003:1:11][0:0:NULL] /nsmf-pdusession/v1/sm-contexts/{smContextRef}/modify (../src/amf/nsmf-handler.c:947)
out 03 09:22:51 dhmm-Inspiron-5567 open5gs-amfd[15648]: 10/03 09:22:51.614: [amf] INFO: InitialUEMessage (../src/amf/ngap-handler.c:437)
out 03 09:22:51 dhmm-Inspiron-5567 open5gs-amfd[15648]: 10/03 09:22:51.614: [amf] INFO: [Added] Number of gNB-UEs is now 4 (../src/amf/context.c:2789)
out 03 09:22:51 dhmm-Inspiron-5567 open5gs-amfd[15648]: 10/03 09:22:51.614: [amf] INFO:     RAN_UE_NGAP_ID[4] AMF_UE_NGAP_ID[9] TAC[1] CellID[0x10] (../src/amf/ngap-handler.c:598)
out 03 09:22:51 dhmm-Inspiron-5567 open5gs-amfd[15648]: 10/03 09:22:51.614: [amf] INFO: [suci-0-999-70-0000-0-0-0000000004] Unknown UE by SUCI (../src/amf/context.c:1906)
out 03 09:22:51 dhmm-Inspiron-5567 open5gs-amfd[15648]: 10/03 09:22:51.614: [amf] INFO: [Added] Number of AMF-UEs is now 4 (../src/amf/context.c:1682)
out 03 09:22:51 dhmm-Inspiron-5567 open5gs-amfd[15648]: 10/03 09:22:51.615: [gmm] INFO: Registration request (../src/amf/gmm-sm.c:1339)
out 03 09:22:51 dhmm-Inspiron-5567 open5gs-amfd[15648]: 10/03 09:22:51.615: [gmm] INFO: [suci-0-999-70-0000-0-0-0000000004]    SUCI (../src/amf/gmm-handler.c:183)
out 03 09:22:51 dhmm-Inspiron-5567 open5gs-amfd[15648]: 10/03 09:22:51.615: [sbi] INFO: [5a7a542c-a045-41f0-b87e-65e716f6a844] Setup NF Instance [type:AUSF] (../lib/sbi/path.c:307)
out 03 09:22:51 dhmm-Inspiron-5567 open5gs-amfd[15648]: 10/03 09:22:51.618: [amf] INFO: Setup NF EndPoint(addr) [127.0.0.11:7777] (../src/amf/nausf-handler.c:130)
out 03 09:22:51 dhmm-Inspiron-5567 open5gs-amfd[15648]: 10/03 09:22:51.623: [sbi] INFO: [9abd2236-a053-41f0-839e-1369610be3b1] Setup NF Instance [type:UDM] (../lib/sbi/path.c:307)
out 03 09:22:51 dhmm-Inspiron-5567 open5gs-amfd[15648]: 10/03 09:22:51.625: [sbi] INFO: [9abd2236-a053-41f0-839e-1369610be3b1] Setup NF Instance [type:UDM] (../lib/sbi/path.c:307)
out 03 09:22:51 dhmm-Inspiron-5567 open5gs-amfd[15648]: 10/03 09:22:51.629: [amf] INFO: Setup NF EndPoint(addr) [127.0.0.12:7777] (../src/amf/nudm-handler.c:355)
out 03 09:22:51 dhmm-Inspiron-5567 open5gs-amfd[15648]: 10/03 09:22:51.629: [sbi] INFO: [798353b4-a045-41f0-b8e2-b550be2faddf] Setup NF Instance [type:PCF] (../lib/sbi/path.c:307)
out 03 09:22:51 dhmm-Inspiron-5567 open5gs-amfd[15648]: 10/03 09:22:51.632: [amf] INFO: Setup NF EndPoint(addr) [127.0.0.13:7777] (../src/amf/npcf-handler.c:143)
out 03 09:22:51 dhmm-Inspiron-5567 open5gs-amfd[15648]: 10/03 09:22:51.839: [gmm] INFO: [imsi-999700000000004] Registration complete (../src/amf/gmm-sm.c:2698)
out 03 09:22:51 dhmm-Inspiron-5567 open5gs-amfd[15648]: 10/03 09:22:51.839: [amf] INFO: [imsi-999700000000004] Configuration update command (../src/amf/nas-path.c:609)
out 03 09:22:51 dhmm-Inspiron-5567 open5gs-amfd[15648]: 10/03 09:22:51.839: [gmm] INFO:     UTC [2025-10-03T12:22:51] Timezone[0]/DST[0] (../src/amf/gmm-build.c:551)
out 03 09:22:51 dhmm-Inspiron-5567 open5gs-amfd[15648]: 10/03 09:22:51.839: [gmm] INFO:     LOCAL [2025-10-03T09:22:51] Timezone[-10800]/DST[0] (../src/amf/gmm-build.c:556)
out 03 09:22:51 dhmm-Inspiron-5567 open5gs-amfd[15648]: 10/03 09:22:51.840: [amf] INFO: [Added] Number of AMF-Sessions is now 4 (../src/amf/context.c:2810)
out 03 09:22:51 dhmm-Inspiron-5567 open5gs-amfd[15648]: 10/03 09:22:51.840: [gmm] INFO: UE SUPI[imsi-999700000000004] DNN[internet] S_NSSAI[SST:1 SD:0x1] smContextRef[NULL] smContextResourceURI[NULL] (../src/amf/gmm-handler.c:1383)
out 03 09:22:51 dhmm-Inspiron-5567 open5gs-amfd[15648]: 10/03 09:22:51.840: [amf] INFO: [983735f6-a053-41f0-b9b3-f93848208066] Setup NF Instance [type:SMF] (../src/amf/context.c:2433)
out 03 09:22:51 dhmm-Inspiron-5567 open5gs-amfd[15648]: 10/03 09:22:51.840: [gmm] INFO: SMF Instance [983735f6-a053-41f0-b9b3-f93848208066] (../src/amf/gmm-handler.c:1424)
out 03 09:22:51 dhmm-Inspiron-5567 open5gs-amfd[15648]: 10/03 09:22:51.854: [amf] INFO: Setup NF EndPoint(addr) [127.0.0.4:7777] (../src/amf/nsmf-handler.c:144)
out 03 09:22:51 dhmm-Inspiron-5567 open5gs-amfd[15648]: 10/03 09:22:51.881: [amf] INFO: [imsi-999700000000004:1:11][0:0:NULL] /nsmf-pdusession/v1/sm-contexts/{smContextRef}/modify (../src/amf/nsmf-handler.c:947)
out 03 09:22:56 dhmm-Inspiron-5567 open5gs-amfd[15648]: 10/03 09:22:56.421: [amf] INFO: InitialUEMessage (../src/amf/ngap-handler.c:437)
out 03 09:22:56 dhmm-Inspiron-5567 open5gs-amfd[15648]: 10/03 09:22:56.421: [amf] INFO: [Added] Number of gNB-UEs is now 5 (../src/amf/context.c:2789)
out 03 09:22:56 dhmm-Inspiron-5567 open5gs-amfd[15648]: 10/03 09:22:56.421: [amf] INFO:     RAN_UE_NGAP_ID[5] AMF_UE_NGAP_ID[10] TAC[1] CellID[0x10] (../src/amf/ngap-handler.c:598)
out 03 09:22:56 dhmm-Inspiron-5567 open5gs-amfd[15648]: 10/03 09:22:56.421: [amf] INFO: [suci-0-999-70-0000-0-0-0000000005] Unknown UE by SUCI (../src/amf/context.c:1906)
out 03 09:22:56 dhmm-Inspiron-5567 open5gs-amfd[15648]: 10/03 09:22:56.421: [amf] INFO: [Added] Number of AMF-UEs is now 5 (../src/amf/context.c:1682)
out 03 09:22:56 dhmm-Inspiron-5567 open5gs-amfd[15648]: 10/03 09:22:56.421: [gmm] INFO: Registration request (../src/amf/gmm-sm.c:1339)
out 03 09:22:56 dhmm-Inspiron-5567 open5gs-amfd[15648]: 10/03 09:22:56.421: [gmm] INFO: [suci-0-999-70-0000-0-0-0000000005]    SUCI (../src/amf/gmm-handler.c:183)
out 03 09:22:56 dhmm-Inspiron-5567 open5gs-amfd[15648]: 10/03 09:22:56.421: [sbi] INFO: [5a7a542c-a045-41f0-b87e-65e716f6a844] Setup NF Instance [type:AUSF] (../lib/sbi/path.c:307)
out 03 09:22:56 dhmm-Inspiron-5567 open5gs-amfd[15648]: 10/03 09:22:56.427: [amf] INFO: Setup NF EndPoint(addr) [127.0.0.11:7777] (../src/amf/nausf-handler.c:130)
out 03 09:22:56 dhmm-Inspiron-5567 open5gs-amfd[15648]: 10/03 09:22:56.434: [sbi] INFO: [9abd2236-a053-41f0-839e-1369610be3b1] Setup NF Instance [type:UDM] (../lib/sbi/path.c:307)
out 03 09:22:56 dhmm-Inspiron-5567 open5gs-amfd[15648]: 10/03 09:22:56.437: [sbi] INFO: [9abd2236-a053-41f0-839e-1369610be3b1] Setup NF Instance [type:UDM] (../lib/sbi/path.c:307)
out 03 09:22:56 dhmm-Inspiron-5567 open5gs-amfd[15648]: 10/03 09:22:56.444: [amf] INFO: Setup NF EndPoint(addr) [127.0.0.12:7777] (../src/amf/nudm-handler.c:355)
out 03 09:22:56 dhmm-Inspiron-5567 open5gs-amfd[15648]: 10/03 09:22:56.444: [sbi] INFO: [798353b4-a045-41f0-b8e2-b550be2faddf] Setup NF Instance [type:PCF] (../lib/sbi/path.c:307)
out 03 09:22:56 dhmm-Inspiron-5567 open5gs-amfd[15648]: 10/03 09:22:56.447: [amf] INFO: Setup NF EndPoint(addr) [127.0.0.13:7777] (../src/amf/npcf-handler.c:143)
out 03 09:22:56 dhmm-Inspiron-5567 open5gs-amfd[15648]: 10/03 09:22:56.655: [gmm] INFO: [imsi-999700000000005] Registration complete (../src/amf/gmm-sm.c:2698)
out 03 09:22:56 dhmm-Inspiron-5567 open5gs-amfd[15648]: 10/03 09:22:56.655: [amf] INFO: [imsi-999700000000005] Configuration update command (../src/amf/nas-path.c:609)
out 03 09:22:56 dhmm-Inspiron-5567 open5gs-amfd[15648]: 10/03 09:22:56.655: [gmm] INFO:     UTC [2025-10-03T12:22:56] Timezone[0]/DST[0] (../src/amf/gmm-build.c:551)
out 03 09:22:56 dhmm-Inspiron-5567 open5gs-amfd[15648]: 10/03 09:22:56.655: [gmm] INFO:     LOCAL [2025-10-03T09:22:56] Timezone[-10800]/DST[0] (../src/amf/gmm-build.c:556)
out 03 09:22:56 dhmm-Inspiron-5567 open5gs-amfd[15648]: 10/03 09:22:56.656: [amf] INFO: [Added] Number of AMF-Sessions is now 5 (../src/amf/context.c:2810)
out 03 09:22:56 dhmm-Inspiron-5567 open5gs-amfd[15648]: 10/03 09:22:56.656: [gmm] WARNING: [imsi-999700000000005] Ue requested DNN "ims" Not Supported OR Not Subscribed in the Slice (../src/amf/gmm-handler.c:1370)
out 03 09:23:50 dhmm-Inspiron-5567 open5gs-amfd[15648]: 10/03 09:23:50.021: [amf] INFO: InitialUEMessage (../src/amf/ngap-handler.c:437)
out 03 09:23:50 dhmm-Inspiron-5567 open5gs-amfd[15648]: 10/03 09:23:50.021: [amf] INFO: [Added] Number of gNB-UEs is now 6 (../src/amf/context.c:2789)
out 03 09:23:50 dhmm-Inspiron-5567 open5gs-amfd[15648]: 10/03 09:23:50.021: [amf] INFO:     RAN_UE_NGAP_ID[6] AMF_UE_NGAP_ID[11] TAC[1] CellID[0x10] (../src/amf/ngap-handler.c:598)
out 03 09:23:50 dhmm-Inspiron-5567 open5gs-amfd[15648]: 10/03 09:23:50.021: [amf] INFO: [suci-0-999-70-0000-0-0-0000000005] known UE by SUCI (../src/amf/context.c:1904)
out 03 09:23:50 dhmm-Inspiron-5567 open5gs-amfd[15648]: 10/03 09:23:50.021: [amf] WARNING: [suci-0-999-70-0000-0-0-0000000005] Holding NG Context (../src/amf/amf-sm.c:1118)
out 03 09:23:50 dhmm-Inspiron-5567 open5gs-amfd[15648]: 10/03 09:23:50.021: [amf] WARNING: [suci-0-999-70-0000-0-0-0000000005]    RAN_UE_NGAP_ID[5] AMF_UE_NGAP_ID[10] (../src/amf/amf-sm.c:1118)
out 03 09:23:50 dhmm-Inspiron-5567 open5gs-amfd[15648]: 10/03 09:23:50.021: [gmm] INFO: Registration request (../src/amf/gmm-sm.c:1339)
out 03 09:23:50 dhmm-Inspiron-5567 open5gs-amfd[15648]: 10/03 09:23:50.021: [gmm] INFO: [suci-0-999-70-0000-0-0-0000000005]    SUCI (../src/amf/gmm-handler.c:183)
out 03 09:23:50 dhmm-Inspiron-5567 open5gs-amfd[15648]: 10/03 09:23:50.023: [amf] WARNING: UnRef NF EndPoint(addr) [127.0.0.11:7777] (../src/amf/nausf-handler.c:130)
out 03 09:23:50 dhmm-Inspiron-5567 open5gs-amfd[15648]: 10/03 09:23:50.023: [amf] INFO: Setup NF EndPoint(addr) [127.0.0.11:7777] (../src/amf/nausf-handler.c:130)
out 03 09:23:50 dhmm-Inspiron-5567 open5gs-amfd[15648]: 10/03 09:23:50.027: [gmm] WARNING: [suci-0-999-70-0000-0-0-0000000005] Clear NG Context (../src/amf/gmm-sm.c:2177)
out 03 09:23:50 dhmm-Inspiron-5567 open5gs-amfd[15648]: 10/03 09:23:50.027: [gmm] WARNING: [suci-0-999-70-0000-0-0-0000000005]    RAN_UE_NGAP_ID[5] AMF_UE_NGAP_ID[10] (../src/amf/gmm-sm.c:2177)
out 03 09:23:50 dhmm-Inspiron-5567 open5gs-amfd[15648]: 10/03 09:23:50.027: [amf] INFO: UE Context Release [Action:1] (../src/amf/ngap-handler.c:1733)
out 03 09:23:50 dhmm-Inspiron-5567 open5gs-amfd[15648]: 10/03 09:23:50.027: [amf] INFO:     RAN_UE_NGAP_ID[5] AMF_UE_NGAP_ID[10] (../src/amf/ngap-handler.c:1734)
out 03 09:23:50 dhmm-Inspiron-5567 open5gs-amfd[15648]: 10/03 09:23:50.027: [amf] INFO: [Removed] Number of gNB-UEs is now 5 (../src/amf/context.c:2796)
out 03 09:23:50 dhmm-Inspiron-5567 open5gs-amfd[15648]: 10/03 09:23:50.035: [amf] WARNING: UnRef NF EndPoint(addr) [127.0.0.13:7777] (../src/amf/npcf-handler.c:143)
out 03 09:23:50 dhmm-Inspiron-5567 open5gs-amfd[15648]: 10/03 09:23:50.036: [amf] INFO: Setup NF EndPoint(addr) [127.0.0.13:7777] (../src/amf/npcf-handler.c:143)
out 03 09:23:50 dhmm-Inspiron-5567 open5gs-amfd[15648]: 10/03 09:23:50.239: [gmm] INFO: [imsi-999700000000005] Registration complete (../src/amf/gmm-sm.c:2698)
out 03 09:23:50 dhmm-Inspiron-5567 open5gs-amfd[15648]: 10/03 09:23:50.239: [amf] INFO: [imsi-999700000000005] Configuration update command (../src/amf/nas-path.c:609)
out 03 09:23:50 dhmm-Inspiron-5567 open5gs-amfd[15648]: 10/03 09:23:50.239: [gmm] INFO:     UTC [2025-10-03T12:23:50] Timezone[0]/DST[0] (../src/amf/gmm-build.c:551)
out 03 09:23:50 dhmm-Inspiron-5567 open5gs-amfd[15648]: 10/03 09:23:50.239: [gmm] INFO:     LOCAL [2025-10-03T09:23:50] Timezone[-10800]/DST[0] (../src/amf/gmm-build.c:556)
out 03 09:23:50 dhmm-Inspiron-5567 open5gs-amfd[15648]: 10/03 09:23:50.240: [gmm] WARNING: [imsi-999700000000005] Ue requested DNN "ims" Not Supported OR Not Subscribed in the Slice (../src/amf/gmm-handler.c:1370)
out 03 09:24:07 dhmm-Inspiron-5567 open5gs-amfd[15648]: 10/03 09:24:07.037: [gmm] WARNING: [imsi-999700000000005] Ue requested DNN "ims" Not Supported OR Not Subscribed in the Slice (../src/amf/gmm-handler.c:1370)
out 03 09:26:10 dhmm-Inspiron-5567 open5gs-amfd[15648]: 10/03 09:26:10.499: [amf] INFO: InitialUEMessage (../src/amf/ngap-handler.c:437)
out 03 09:26:10 dhmm-Inspiron-5567 open5gs-amfd[15648]: 10/03 09:26:10.499: [amf] INFO: [Added] Number of gNB-UEs is now 6 (../src/amf/context.c:2789)
out 03 09:26:10 dhmm-Inspiron-5567 open5gs-amfd[15648]: 10/03 09:26:10.499: [amf] INFO:     RAN_UE_NGAP_ID[6] AMF_UE_NGAP_ID[12] TAC[1] CellID[0x10] (../src/amf/ngap-handler.c:598)
out 03 09:26:10 dhmm-Inspiron-5567 open5gs-amfd[15648]: 10/03 09:26:10.499: [amf] INFO: [suci-0-999-70-0000-0-0-0000000005] known UE by SUCI (../src/amf/context.c:1904)
out 03 09:26:10 dhmm-Inspiron-5567 open5gs-amfd[15648]: 10/03 09:26:10.499: [amf] WARNING: [suci-0-999-70-0000-0-0-0000000005] Holding NG Context (../src/amf/amf-sm.c:1118)
out 03 09:26:10 dhmm-Inspiron-5567 open5gs-amfd[15648]: 10/03 09:26:10.499: [amf] WARNING: [suci-0-999-70-0000-0-0-0000000005]    RAN_UE_NGAP_ID[6] AMF_UE_NGAP_ID[11] (../src/amf/amf-sm.c:1118)
out 03 09:26:10 dhmm-Inspiron-5567 open5gs-amfd[15648]: 10/03 09:26:10.499: [gmm] INFO: Registration request (../src/amf/gmm-sm.c:1339)
out 03 09:26:10 dhmm-Inspiron-5567 open5gs-amfd[15648]: 10/03 09:26:10.499: [gmm] INFO: [suci-0-999-70-0000-0-0-0000000005]    SUCI (../src/amf/gmm-handler.c:183)
out 03 09:26:10 dhmm-Inspiron-5567 open5gs-amfd[15648]: 10/03 09:26:10.502: [amf] WARNING: UnRef NF EndPoint(addr) [127.0.0.11:7777] (../src/amf/nausf-handler.c:130)
out 03 09:26:10 dhmm-Inspiron-5567 open5gs-amfd[15648]: 10/03 09:26:10.502: [amf] INFO: Setup NF EndPoint(addr) [127.0.0.11:7777] (../src/amf/nausf-handler.c:130)
out 03 09:26:10 dhmm-Inspiron-5567 open5gs-amfd[15648]: 10/03 09:26:10.506: [gmm] WARNING: [suci-0-999-70-0000-0-0-0000000005] Clear NG Context (../src/amf/gmm-sm.c:2177)
out 03 09:26:10 dhmm-Inspiron-5567 open5gs-amfd[15648]: 10/03 09:26:10.506: [gmm] WARNING: [suci-0-999-70-0000-0-0-0000000005]    RAN_UE_NGAP_ID[6] AMF_UE_NGAP_ID[11] (../src/amf/gmm-sm.c:2177)
out 03 09:26:10 dhmm-Inspiron-5567 open5gs-amfd[15648]: 10/03 09:26:10.507: [amf] INFO: UE Context Release [Action:1] (../src/amf/ngap-handler.c:1733)
out 03 09:26:10 dhmm-Inspiron-5567 open5gs-amfd[15648]: 10/03 09:26:10.507: [amf] INFO:     RAN_UE_NGAP_ID[6] AMF_UE_NGAP_ID[11] (../src/amf/ngap-handler.c:1734)
out 03 09:26:10 dhmm-Inspiron-5567 open5gs-amfd[15648]: 10/03 09:26:10.507: [amf] INFO: [Removed] Number of gNB-UEs is now 5 (../src/amf/context.c:2796)
out 03 09:26:10 dhmm-Inspiron-5567 open5gs-amfd[15648]: 10/03 09:26:10.515: [amf] WARNING: UnRef NF EndPoint(addr) [127.0.0.13:7777] (../src/amf/npcf-handler.c:143)
out 03 09:26:10 dhmm-Inspiron-5567 open5gs-amfd[15648]: 10/03 09:26:10.516: [amf] INFO: Setup NF EndPoint(addr) [127.0.0.13:7777] (../src/amf/npcf-handler.c:143)
out 03 09:26:10 dhmm-Inspiron-5567 open5gs-amfd[15648]: 10/03 09:26:10.720: [gmm] INFO: [imsi-999700000000005] Registration complete (../src/amf/gmm-sm.c:2698)
out 03 09:26:10 dhmm-Inspiron-5567 open5gs-amfd[15648]: 10/03 09:26:10.720: [amf] INFO: [imsi-999700000000005] Configuration update command (../src/amf/nas-path.c:609)
out 03 09:26:10 dhmm-Inspiron-5567 open5gs-amfd[15648]: 10/03 09:26:10.720: [gmm] INFO:     UTC [2025-10-03T12:26:10] Timezone[0]/DST[0] (../src/amf/gmm-build.c:551)
out 03 09:26:10 dhmm-Inspiron-5567 open5gs-amfd[15648]: 10/03 09:26:10.720: [gmm] INFO:     LOCAL [2025-10-03T09:26:10] Timezone[-10800]/DST[0] (../src/amf/gmm-build.c:556)
out 03 09:26:10 dhmm-Inspiron-5567 open5gs-amfd[15648]: 10/03 09:26:10.721: [gmm] INFO: UE SUPI[imsi-999700000000005] DNN[ims] S_NSSAI[SST:3 SD:0x3] smContextRef[NULL] smContextResourceURI[NULL] (../src/amf/gmm-handler.c:1383)
out 03 09:26:10 dhmm-Inspiron-5567 open5gs-amfd[15648]: 10/03 09:26:10.721: [amf] INFO: [983735f6-a053-41f0-b9b3-f93848208066] Setup NF Instance [type:SMF] (../src/amf/context.c:2433)
out 03 09:26:10 dhmm-Inspiron-5567 open5gs-amfd[15648]: 10/03 09:26:10.721: [gmm] INFO: SMF Instance [983735f6-a053-41f0-b9b3-f93848208066] (../src/amf/gmm-handler.c:1424)
out 03 09:26:10 dhmm-Inspiron-5567 open5gs-amfd[15648]: 10/03 09:26:10.735: [amf] INFO: Setup NF EndPoint(addr) [127.0.0.4:7777] (../src/amf/nsmf-handler.c:144)
out 03 09:26:10 dhmm-Inspiron-5567 open5gs-amfd[15648]: 10/03 09:26:10.770: [amf] INFO: [imsi-999700000000005:1:11][0:0:NULL] /nsmf-pdusession/v1/sm-contexts/{smContextRef}/modify (../src/amf/nsmf-handler.c:947)
