~/UERANSIM/config$ sudo ../build/nr-ue -c ue1.yaml
UERANSIM v3.2.7
[2025-10-03 09:22:28.858] [nas] [info] UE switches to state [MM-DEREGISTERED/PLMN-SEARCH]
[2025-10-03 09:22:28.858] [rrc] [debug] New signal detected for cell[1], total [1] cells in coverage
[2025-10-03 09:22:28.858] [rrc] [debug] New signal detected for cell[2], total [2] cells in coverage
[2025-10-03 09:22:28.858] [nas] [info] Selected plmn[999/70]
[2025-10-03 09:22:28.858] [rrc] [info] Selected cell plmn[999/70] tac[1] category[SUITABLE]
[2025-10-03 09:22:28.858] [nas] [info] UE switches to state [MM-DEREGISTERED/PS]
[2025-10-03 09:22:28.858] [nas] [info] UE switches to state [MM-DEREGISTERED/NORMAL-SERVICE]
[2025-10-03 09:22:28.858] [nas] [debug] Initial registration required due to [MM-DEREG-NORMAL-SERVICE]
[2025-10-03 09:22:28.858] [nas] [debug] UAC access attempt is allowed for identity[0], category[MO_sig]
[2025-10-03 09:22:28.858] [nas] [debug] Sending Initial Registration
[2025-10-03 09:22:28.858] [nas] [info] UE switches to state [MM-REGISTER-INITIATED]
[2025-10-03 09:22:28.858] [rrc] [debug] Sending RRC Setup Request
[2025-10-03 09:22:28.859] [rrc] [info] RRC connection established
[2025-10-03 09:22:28.859] [rrc] [info] UE switches to state [RRC-CONNECTED]
[2025-10-03 09:22:28.859] [nas] [info] UE switches to state [CM-CONNECTED]
[2025-10-03 09:22:28.862] [nas] [debug] Authentication Request received
[2025-10-03 09:22:28.862] [nas] [debug] Received SQN [000000001D41]
[2025-10-03 09:22:28.862] [nas] [debug] SQN-MS [000000000000]
[2025-10-03 09:22:28.865] [nas] [debug] Security Mode Command received
[2025-10-03 09:22:28.865] [nas] [debug] Selected integrity[2] ciphering[0]
[2025-10-03 09:22:28.875] [nas] [debug] Registration accept received
[2025-10-03 09:22:28.875] [nas] [info] UE switches to state [MM-REGISTERED/NORMAL-SERVICE]
[2025-10-03 09:22:28.875] [nas] [debug] Sending Registration Complete
[2025-10-03 09:22:28.875] [nas] [info] Initial Registration is successful
[2025-10-03 09:22:28.875] [nas] [debug] Sending PDU Session Establishment Request
[2025-10-03 09:22:28.875] [nas] [debug] UAC access attempt is allowed for identity[0], category[MO_sig]
[2025-10-03 09:22:29.080] [nas] [debug] Configuration Update Command received
[2025-10-03 09:22:29.112] [nas] [debug] PDU Session Establishment Accept received
[2025-10-03 09:22:29.112] [nas] [info] PDU Session establishment is successful PSI[1]
[2025-10-03 09:22:29.144] [app] [info] Connection setup for PDU session[1] is successful, TUN interface[uesimtun0, 10.45.0.2] is up.
